[2014-08-25 01:25:47] name.ERROR: bar [] []
[2014-08-25 01:25:47] name.ERROR: from mobile index <xml><ToUserName><![CDATA[gh_11050c463f2f]]></ToUserName>
<FromUserName><![CDATA[oUQ8Yt-pR6YaPvdUoy359gLOjip0]]></FromUserName>
<CreateTime>1408901147</CreateTime>
<MsgType><![CDATA[event]]></MsgType>
<Event><![CDATA[LOCATION]]></Event>
<Latitude>23.114704</Latitude>
<Longitude>113.242401</Longitude>
<Precision>65.000000</Precision>
</xml> [] []
[2014-08-25 01:25:47] name.ERROR: before require_once \n [] []
[2014-08-25 01:25:47] name.ERROR: after require_once wechat.lib.class \n [] []
[2014-08-25 01:25:47] name.ERROR: get response  \n [] []
[2014-08-25 01:25:47] name.ERROR: The response is \n [] []
[2014-08-25 01:25:47] name.ERROR: from testing [] []
[2014-08-25 01:29:02] name.ERROR: bar [] []
[2014-08-25 01:29:02] name.ERROR: from mobile index <xml><ToUserName><![CDATA[gh_11050c463f2f]]></ToUserName>
<FromUserName><![CDATA[oUQ8Yt-pR6YaPvdUoy359gLOjip0]]></FromUserName>
<CreateTime>1408901341</CreateTime>
<MsgType><![CDATA[event]]></MsgType>
<Event><![CDATA[LOCATION]]></Event>
<Latitude>23.114700</Latitude>
<Longitude>113.242416</Longitude>
<Precision>65.000000</Precision>
</xml> [] []
[2014-08-25 01:29:02] name.ERROR: before require_once \n [] []
[2014-08-25 01:29:02] name.ERROR: after require_once wechat.lib.class \n [] []
[2014-08-25 01:29:02] name.ERROR: get response  \n [] []
[2014-08-25 01:29:02] name.ERROR: The response is \n [] []
[2014-08-25 01:29:02] name.ERROR: from testing [] []
[2014-08-25 01:30:20] name.ERROR: bar [] []
[2014-08-25 01:30:20] name.ERROR: from mobile index <xml><ToUserName><![CDATA[gh_11050c463f2f]]></ToUserName>
<FromUserName><![CDATA[oUQ8Yt-pR6YaPvdUoy359gLOjip0]]></FromUserName>
<CreateTime>1408901419</CreateTime>
<MsgType><![CDATA[event]]></MsgType>
<Event><![CDATA[LOCATION]]></Event>
<Latitude>23.114723</Latitude>
<Longitude>113.242439</Longitude>
<Precision>65.000000</Precision>
</xml> [] []
[2014-08-25 01:30:20] name.ERROR: before require_once \n [] []
[2014-08-25 01:30:20] name.ERROR: after require_once wechat.lib.class \n [] []
[2014-08-25 01:30:20] name.ERROR: get response  \n [] []
[2014-08-25 01:30:20] name.ERROR: The response is \n [] []
[2014-08-25 01:30:20] name.ERROR: from testing [] []
[2014-08-25 01:34:52] name.ERROR: bar [] []
[2014-08-25 01:34:52] name.ERROR: from mobile index <xml><ToUserName><![CDATA[gh_11050c463f2f]]></ToUserName>
<FromUserName><![CDATA[oUQ8Yt-pR6YaPvdUoy359gLOjip0]]></FromUserName>
<CreateTime>1408901692</CreateTime>
<MsgType><![CDATA[event]]></MsgType>
<Event><![CDATA[LOCATION]]></Event>
<Latitude>23.114695</Latitude>
<Longitude>113.242447</Longitude>
<Precision>65.000000</Precision>
</xml> [] []
[2014-08-25 01:34:53] name.ERROR: before require_once \n [] []
[2014-08-25 01:34:53] name.ERROR: after require_once wechat.lib.class \n [] []
[2014-08-25 01:34:53] name.ERROR: get response  \n [] []
[2014-08-25 01:34:53] name.ERROR: The response is \n [] []
[2014-08-25 01:34:53] name.ERROR: from testing [] []
[2014-08-25 01:35:00] name.ERROR: bar [] []
[2014-08-25 01:35:00] name.ERROR: from mobile index <xml><ToUserName><![CDATA[gh_11050c463f2f]]></ToUserName>
<FromUserName><![CDATA[oUQ8Yt-pR6YaPvdUoy359gLOjip0]]></FromUserName>
<CreateTime>1408901700</CreateTime>
<MsgType><![CDATA[event]]></MsgType>
<Event><![CDATA[LOCATION]]></Event>
<Latitude>23.114695</Latitude>
<Longitude>113.242393</Longitude>
<Precision>65.000000</Precision>
</xml> [] []
[2014-08-25 01:35:00] name.ERROR: before require_once \n [] []
[2014-08-25 01:35:00] name.ERROR: after require_once wechat.lib.class \n [] []
[2014-08-25 01:35:00] name.ERROR: get response  \n [] []
[2014-08-25 01:35:00] name.ERROR: The response is \n [] []
[2014-08-25 01:35:00] name.ERROR: from testing [] []
[2014-08-25 01:36:18] name.ERROR: bar [] []
[2014-08-25 01:36:18] name.ERROR: from mobile index <xml><ToUserName><![CDATA[gh_11050c463f2f]]></ToUserName>
<FromUserName><![CDATA[oUQ8Yt-pR6YaPvdUoy359gLOjip0]]></FromUserName>
<CreateTime>1408901769</CreateTime>
<MsgType><![CDATA[event]]></MsgType>
<Event><![CDATA[LOCATION]]></Event>
<Latitude>23.114704</Latitude>
<Longitude>113.242462</Longitude>
<Precision>65.000000</Precision>
</xml> [] []
[2014-08-25 01:36:25] name.ERROR: before require_once \n [] []
[2014-08-25 01:36:26] name.ERROR: after require_once wechat.lib.class \n [] []
[2014-08-25 01:36:26] name.ERROR: get response  \n [] []
[2014-08-25 01:36:27] name.ERROR: The response is \n [] []
[2014-08-25 01:36:31] name.ERROR: from testing [] []
[2014-08-25 01:37:41] name.ERROR: bar [] []
[2014-08-25 01:37:42] name.ERROR: from mobile index <xml><ToUserName><![CDATA[gh_11050c463f2f]]></ToUserName>
<FromUserName><![CDATA[oUQ8Yt-pR6YaPvdUoy359gLOjip0]]></FromUserName>
<CreateTime>1408901769</CreateTime>
<MsgType><![CDATA[event]]></MsgType>
<Event><![CDATA[LOCATION]]></Event>
<Latitude>23.114704</Latitude>
<Longitude>113.242462</Longitude>
<Precision>65.000000</Precision>
</xml> [] []
[2014-08-25 01:37:47] name.ERROR: before require_once \n [] []
[2014-08-25 01:37:47] name.ERROR: after require_once wechat.lib.class \n [] []
[2014-08-25 01:37:47] name.ERROR: get response  \n [] []
[2014-08-25 01:37:47] name.ERROR: The response is \n [] []
[2014-08-25 01:37:47] name.ERROR: from testing [] []
[2014-08-25 01:37:49] name.ERROR: bar [] []
[2014-08-25 01:37:49] name.ERROR: from mobile index <xml><ToUserName><![CDATA[gh_11050c463f2f]]></ToUserName>
<FromUserName><![CDATA[oUQ8Yt-pR6YaPvdUoy359gLOjip0]]></FromUserName>
<CreateTime>1408901868</CreateTime>
<MsgType><![CDATA[event]]></MsgType>
<Event><![CDATA[LOCATION]]></Event>
<Latitude>23.114695</Latitude>
<Longitude>113.242424</Longitude>
<Precision>65.000000</Precision>
</xml> [] []
[2014-08-25 01:37:49] name.ERROR: before require_once \n [] []
[2014-08-25 01:37:49] name.ERROR: after require_once wechat.lib.class \n [] []
[2014-08-25 01:37:49] name.ERROR: get response  \n [] []
[2014-08-25 01:37:49] name.ERROR: The response is \n [] []
[2014-08-25 01:37:49] name.ERROR: from testing [] []
[2014-08-25 01:39:05] name.ERROR: bar [] []
[2014-08-25 01:39:05] name.ERROR: from mobile index <xml><ToUserName><![CDATA[gh_11050c463f2f]]></ToUserName>
<FromUserName><![CDATA[oUQ8Yt-pR6YaPvdUoy359gLOjip0]]></FromUserName>
<CreateTime>1408901945</CreateTime>
<MsgType><![CDATA[event]]></MsgType>
<Event><![CDATA[LOCATION]]></Event>
<Latitude>23.114725</Latitude>
<Longitude>113.242393</Longitude>
<Precision>65.000000</Precision>
</xml> [] []
[2014-08-25 01:39:05] name.ERROR: before require_once \n [] []
[2014-08-25 01:39:05] name.ERROR: after require_once wechat.lib.class \n [] []
[2014-08-25 01:39:05] name.ERROR: get response  \n [] []
[2014-08-25 01:39:05] name.ERROR: The response is \n [] []
[2014-08-25 01:39:05] name.ERROR: from testing [] []
[2014-08-25 01:39:45] name.ERROR: bar [] []
[2014-08-25 01:39:45] name.ERROR: from mobile index <xml><ToUserName><![CDATA[gh_11050c463f2f]]></ToUserName>
<FromUserName><![CDATA[oUQ8Yt-pR6YaPvdUoy359gLOjip0]]></FromUserName>
<CreateTime>1408901984</CreateTime>
<MsgType><![CDATA[event]]></MsgType>
<Event><![CDATA[LOCATION]]></Event>
<Latitude>23.114717</Latitude>
<Longitude>113.242416</Longitude>
<Precision>65.000000</Precision>
</xml> [] []
[2014-08-25 01:39:45] name.ERROR: before require_once \n [] []
[2014-08-25 01:39:45] name.ERROR: after require_once wechat.lib.class \n [] []
[2014-08-25 01:39:45] name.ERROR: get response  \n [] []
[2014-08-25 01:39:45] name.ERROR: The response is \n [] []
[2014-08-25 01:39:45] name.ERROR: from testing [] []
[2014-08-25 01:40:24] name.ERROR: bar [] []
[2014-08-25 01:40:24] name.ERROR: from mobile index <xml><ToUserName><![CDATA[gh_11050c463f2f]]></ToUserName>
<FromUserName><![CDATA[oUQ8Yt-pR6YaPvdUoy359gLOjip0]]></FromUserName>
<CreateTime>1408902024</CreateTime>
<MsgType><![CDATA[event]]></MsgType>
<Event><![CDATA[LOCATION]]></Event>
<Latitude>23.114714</Latitude>
<Longitude>113.242363</Longitude>
<Precision>65.000000</Precision>
</xml> [] []
[2014-08-25 01:40:24] name.ERROR: before require_once \n [] []
[2014-08-25 01:40:24] name.ERROR: after require_once wechat.lib.class \n [] []
[2014-08-25 01:40:24] name.ERROR: get response  \n [] []
[2014-08-25 01:40:24] name.ERROR: The response is \n [] []
[2014-08-25 01:40:24] name.ERROR: from testing [] []
[2014-08-25 01:40:31] name.ERROR: from index.php  [] []
[2014-08-25 01:40:51] name.ERROR: bar [] []
[2014-08-25 01:40:51] name.ERROR: from mobile index <xml><ToUserName><![CDATA[gh_11050c463f2f]]></ToUserName>
<FromUserName><![CDATA[oUQ8Yt-pR6YaPvdUoy359gLOjip0]]></FromUserName>
<CreateTime>1408902051</CreateTime>
<MsgType><![CDATA[event]]></MsgType>
<Event><![CDATA[LOCATION]]></Event>
<Latitude>23.114702</Latitude>
<Longitude>113.242401</Longitude>
<Precision>65.000000</Precision>
</xml> [] []
[2014-08-25 01:40:51] name.ERROR: before require_once \n [] []
[2014-08-25 01:40:51] name.ERROR: after require_once wechat.lib.class \n [] []
[2014-08-25 01:40:51] name.ERROR: get response  \n [] []
[2014-08-25 01:40:51] name.ERROR: The response is \n [] []
[2014-08-25 01:40:51] name.ERROR: from testing [] []
[2014-08-25 02:26:32] name.ERROR: from index.php  [] []
[2014-08-25 05:18:24] name.ERROR: from index.php  [] []
[2014-08-25 05:28:11] name.ERROR: from index.php  [] []
[2014-08-25 07:02:50] name.ERROR: from index.php  [] []
[2014-08-25 07:06:58] name.ERROR: from index.php  [] []
[2014-08-25 07:07:00] name.ERROR: from index.php  [] []
[2014-08-25 07:18:29] name.ERROR: from index.php  [] []
[2014-08-25 07:25:05] name.ERROR: bar [] []
[2014-08-25 07:25:05] name.ERROR: from mobile index <xml><ToUserName><![CDATA[gh_11050c463f2f]]></ToUserName>
<FromUserName><![CDATA[oUQ8Yt-pR6YaPvdUoy359gLOjip0]]></FromUserName>
<CreateTime>1408922640</CreateTime>
<MsgType><![CDATA[event]]></MsgType>
<Event><![CDATA[LOCATION]]></Event>
<Latitude>23.114649</Latitude>
<Longitude>113.242363</Longitude>
<Precision>65.000000</Precision>
</xml> [] []
[2014-08-25 07:25:05] name.ERROR: before require_once \n [] []
[2014-08-25 07:25:05] name.ERROR: after require_once wechat.lib.class \n [] []
[2014-08-25 07:25:05] name.ERROR: get response  \n [] []
[2014-08-25 07:25:05] name.ERROR: The response is \n [] []
[2014-08-25 07:25:05] name.ERROR: from testing [] []
[2014-08-25 07:25:10] name.ERROR: bar [] []
[2014-08-25 07:25:10] name.ERROR: from mobile index <xml><ToUserName><![CDATA[gh_11050c463f2f]]></ToUserName>
<FromUserName><![CDATA[oUQ8Yt-pR6YaPvdUoy359gLOjip0]]></FromUserName>
<CreateTime>1408922640</CreateTime>
<MsgType><![CDATA[event]]></MsgType>
<Event><![CDATA[LOCATION]]></Event>
<Latitude>23.114649</Latitude>
<Longitude>113.242363</Longitude>
<Precision>65.000000</Precision>
</xml> [] []
[2014-08-25 07:25:10] name.ERROR: before require_once \n [] []
[2014-08-25 07:25:10] name.ERROR: after require_once wechat.lib.class \n [] []
[2014-08-25 07:25:10] name.ERROR: get response  \n [] []
[2014-08-25 07:25:10] name.ERROR: The response is \n [] []
[2014-08-25 07:25:10] name.ERROR: from testing [] []
[2014-08-25 07:25:15] name.ERROR: bar [] []
[2014-08-25 07:25:15] name.ERROR: from mobile index <xml><ToUserName><![CDATA[gh_11050c463f2f]]></ToUserName>
<FromUserName><![CDATA[oUQ8Yt-pR6YaPvdUoy359gLOjip0]]></FromUserName>
<CreateTime>1408922640</CreateTime>
<MsgType><![CDATA[event]]></MsgType>
<Event><![CDATA[LOCATION]]></Event>
<Latitude>23.114649</Latitude>
<Longitude>113.242363</Longitude>
<Precision>65.000000</Precision>
</xml> [] []
[2014-08-25 07:25:15] name.ERROR: before require_once \n [] []
[2014-08-25 07:25:15] name.ERROR: after require_once wechat.lib.class \n [] []
[2014-08-25 07:25:15] name.ERROR: get response  \n [] []
[2014-08-25 07:25:15] name.ERROR: The response is \n [] []
[2014-08-25 07:25:15] name.ERROR: from testing [] []
[2014-08-25 07:25:26] name.ERROR: bar [] []
[2014-08-25 07:25:26] name.ERROR: from mobile index <xml><ToUserName><![CDATA[gh_11050c463f2f]]></ToUserName>
<FromUserName><![CDATA[oUQ8Yt-pR6YaPvdUoy359gLOjip0]]></FromUserName>
<CreateTime>1408922661</CreateTime>
<MsgType><![CDATA[event]]></MsgType>
<Event><![CDATA[VIEW]]></Event>
<EventKey><![CDATA[http://kaifanlou.com/wechat.php]]></EventKey>
</xml> [] []
[2014-08-25 07:25:26] name.ERROR: before require_once \n [] []
[2014-08-25 07:25:26] name.ERROR: after require_once wechat.lib.class \n [] []
[2014-08-25 07:25:26] name.ERROR: get response  \n [] []
[2014-08-25 07:25:26] name.ERROR: The response is \n [] []
[2014-08-25 07:25:26] name.ERROR: from testing [] []
[2014-08-24 23:25:27] name.ERROR: from plugin.php   [] []
[2014-08-25 07:25:27] name.ERROR: before include [] []
[2014-08-25 07:25:31] name.ERROR: bar [] []
[2014-08-25 07:25:31] name.ERROR: from mobile index <xml><ToUserName><![CDATA[gh_11050c463f2f]]></ToUserName>
<FromUserName><![CDATA[oUQ8Yt-pR6YaPvdUoy359gLOjip0]]></FromUserName>
<CreateTime>1408922661</CreateTime>
<MsgType><![CDATA[event]]></MsgType>
<Event><![CDATA[VIEW]]></Event>
<EventKey><![CDATA[http://kaifanlou.com/wechat.php]]></EventKey>
</xml> [] []
[2014-08-25 07:25:31] name.ERROR: before require_once \n [] []
[2014-08-25 07:25:31] name.ERROR: after require_once wechat.lib.class \n [] []
[2014-08-25 07:25:31] name.ERROR: get response  \n [] []
[2014-08-25 07:25:31] name.ERROR: The response is \n [] []
[2014-08-25 07:25:31] name.ERROR: from testing [] []
[2014-08-25 07:25:36] name.ERROR: bar [] []
[2014-08-25 07:25:36] name.ERROR: from mobile index <xml><ToUserName><![CDATA[gh_11050c463f2f]]></ToUserName>
<FromUserName><![CDATA[oUQ8Yt-pR6YaPvdUoy359gLOjip0]]></FromUserName>
<CreateTime>1408922661</CreateTime>
<MsgType><![CDATA[event]]></MsgType>
<Event><![CDATA[VIEW]]></Event>
<EventKey><![CDATA[http://kaifanlou.com/wechat.php]]></EventKey>
</xml> [] []
[2014-08-25 07:25:36] name.ERROR: before require_once \n [] []
[2014-08-25 07:25:36] name.ERROR: after require_once wechat.lib.class \n [] []
[2014-08-25 07:25:36] name.ERROR: get response  \n [] []
[2014-08-25 07:25:36] name.ERROR: The response is \n [] []
[2014-08-25 07:25:36] name.ERROR: from testing [] []
[2014-08-25 07:27:11] name.ERROR: bar [] []
[2014-08-25 07:27:11] name.ERROR: from mobile index <xml><ToUserName><![CDATA[gh_11050c463f2f]]></ToUserName>
<FromUserName><![CDATA[oUQ8Yt-pR6YaPvdUoy359gLOjip0]]></FromUserName>
<CreateTime>1408922768</CreateTime>
<MsgType><![CDATA[event]]></MsgType>
<Event><![CDATA[VIEW]]></Event>
<EventKey><![CDATA[http://kaifanlou.com/wechat.php]]></EventKey>
</xml> [] []
[2014-08-25 07:27:11] name.ERROR: before require_once \n [] []
[2014-08-25 07:27:11] name.ERROR: after require_once wechat.lib.class \n [] []
[2014-08-25 07:27:11] name.ERROR: get response  \n [] []
[2014-08-25 07:27:11] name.ERROR: The response is \n [] []
[2014-08-25 07:27:11] name.ERROR: from testing [] []
[2014-08-24 23:27:13] name.ERROR: from plugin.php   [] []
[2014-08-25 07:27:13] name.ERROR: before include [] []
[2014-08-25 07:27:16] name.ERROR: bar [] []
[2014-08-25 07:27:16] name.ERROR: from mobile index <xml><ToUserName><![CDATA[gh_11050c463f2f]]></ToUserName>
<FromUserName><![CDATA[oUQ8Yt-pR6YaPvdUoy359gLOjip0]]></FromUserName>
<CreateTime>1408922768</CreateTime>
<MsgType><![CDATA[event]]></MsgType>
<Event><![CDATA[VIEW]]></Event>
<EventKey><![CDATA[http://kaifanlou.com/wechat.php]]></EventKey>
</xml> [] []
[2014-08-25 07:27:17] name.ERROR: before require_once \n [] []
[2014-08-25 07:27:17] name.ERROR: after require_once wechat.lib.class \n [] []
[2014-08-25 07:27:17] name.ERROR: get response  \n [] []
[2014-08-25 07:27:17] name.ERROR: The response is \n [] []
[2014-08-25 07:27:17] name.ERROR: from testing [] []
[2014-08-25 07:27:22] name.ERROR: bar [] []
[2014-08-25 07:27:22] name.ERROR: from mobile index <xml><ToUserName><![CDATA[gh_11050c463f2f]]></ToUserName>
<FromUserName><![CDATA[oUQ8Yt-pR6YaPvdUoy359gLOjip0]]></FromUserName>
<CreateTime>1408922768</CreateTime>
<MsgType><![CDATA[event]]></MsgType>
<Event><![CDATA[VIEW]]></Event>
<EventKey><![CDATA[http://kaifanlou.com/wechat.php]]></EventKey>
</xml> [] []
[2014-08-25 07:27:22] name.ERROR: before require_once \n [] []
[2014-08-25 07:27:22] name.ERROR: after require_once wechat.lib.class \n [] []
[2014-08-25 07:27:22] name.ERROR: get response  \n [] []
[2014-08-25 07:27:22] name.ERROR: The response is \n [] []
[2014-08-25 07:27:22] name.ERROR: from testing [] []
[2014-08-25 07:29:09] name.ERROR: bar [] []
[2014-08-25 07:29:09] name.ERROR: from mobile index <xml><ToUserName><![CDATA[gh_11050c463f2f]]></ToUserName>
<FromUserName><![CDATA[oUQ8Yt-pR6YaPvdUoy359gLOjip0]]></FromUserName>
<CreateTime>1408922948</CreateTime>
<MsgType><![CDATA[event]]></MsgType>
<Event><![CDATA[VIEW]]></Event>
<EventKey><![CDATA[http://kaifanlou.com/wechat.php]]></EventKey>
</xml> [] []
[2014-08-25 07:29:09] name.ERROR: before require_once \n [] []
[2014-08-25 07:29:09] name.ERROR: after require_once wechat.lib.class \n [] []
[2014-08-25 07:29:09] name.ERROR: get response  \n [] []
[2014-08-25 07:29:09] name.ERROR: The response is \n [] []
[2014-08-25 07:29:09] name.ERROR: from testing [] []
[2014-08-24 23:29:10] name.ERROR: from plugin.php   [] []
[2014-08-25 07:29:10] name.ERROR: before include [] []
[2014-08-25 07:29:11] name.ERROR: from index.php  [] []
[2014-08-25 07:30:09] name.ERROR: bar [] []
[2014-08-25 07:30:09] name.ERROR: from mobile index <xml><ToUserName><![CDATA[gh_11050c463f2f]]></ToUserName>
<FromUserName><![CDATA[oUQ8Yt-pR6YaPvdUoy359gLOjip0]]></FromUserName>
<CreateTime>1408923009</CreateTime>
<MsgType><![CDATA[event]]></MsgType>
<Event><![CDATA[VIEW]]></Event>
<EventKey><![CDATA[http://kaifanlou.com/wechat.php]]></EventKey>
</xml> [] []
[2014-08-25 07:30:09] name.ERROR: before require_once \n [] []
[2014-08-25 07:30:09] name.ERROR: after require_once wechat.lib.class \n [] []
[2014-08-25 07:30:09] name.ERROR: get response  \n [] []
[2014-08-25 07:30:09] name.ERROR: The response is \n [] []
[2014-08-25 07:30:09] name.ERROR: from testing [] []
[2014-08-25 07:30:10] name.ERROR: from index.php  [] []
[2014-08-25 09:26:08] name.ERROR: from index.php  [] []
[2014-08-25 11:36:46] name.ERROR: from index.php  [] []
[2014-08-25 14:08:04] name.ERROR: bar [] []
[2014-08-25 14:08:04] name.ERROR: from mobile index <xml><ToUserName><![CDATA[gh_11050c463f2f]]></ToUserName>
<FromUserName><![CDATA[oUQ8YtxPtxy2bTnHD7pqMld4PjdI]]></FromUserName>
<CreateTime>1408946882</CreateTime>
<MsgType><![CDATA[event]]></MsgType>
<Event><![CDATA[LOCATION]]></Event>
<Latitude>23.114674</Latitude>
<Longitude>113.242371</Longitude>
<Precision>40.000000</Precision>
</xml> [] []
[2014-08-25 14:08:04] name.ERROR: before require_once \n [] []
[2014-08-25 14:08:04] name.ERROR: after require_once wechat.lib.class \n [] []
[2014-08-25 14:08:04] name.ERROR: get response  \n [] []
[2014-08-25 14:08:04] name.ERROR: The response is \n [] []
[2014-08-25 14:08:04] name.ERROR: from testing [] []
[2014-08-25 14:08:17] name.ERROR: bar [] []
[2014-08-25 14:08:17] name.ERROR: from mobile index <xml><ToUserName><![CDATA[gh_11050c463f2f]]></ToUserName>
<FromUserName><![CDATA[oUQ8YtxPtxy2bTnHD7pqMld4PjdI]]></FromUserName>
<CreateTime>1408946897</CreateTime>
<MsgType><![CDATA[event]]></MsgType>
<Event><![CDATA[LOCATION]]></Event>
<Latitude>23.114674</Latitude>
<Longitude>113.242371</Longitude>
<Precision>40.000000</Precision>
</xml> [] []
[2014-08-25 14:08:17] name.ERROR: before require_once \n [] []
[2014-08-25 14:08:17] name.ERROR: after require_once wechat.lib.class \n [] []
[2014-08-25 14:08:17] name.ERROR: get response  \n [] []
[2014-08-25 14:08:17] name.ERROR: The response is \n [] []
[2014-08-25 14:08:17] name.ERROR: from testing [] []
[2014-08-25 14:09:09] name.ERROR: bar [] []
[2014-08-25 14:09:09] name.ERROR: from mobile index <xml><ToUserName><![CDATA[gh_11050c463f2f]]></ToUserName>
<FromUserName><![CDATA[oUQ8YtxPtxy2bTnHD7pqMld4PjdI]]></FromUserName>
<CreateTime>1408946949</CreateTime>
<MsgType><![CDATA[event]]></MsgType>
<Event><![CDATA[LOCATION]]></Event>
<Latitude>23.114674</Latitude>
<Longitude>113.242371</Longitude>
<Precision>40.000000</Precision>
</xml> [] []
[2014-08-25 14:09:09] name.ERROR: before require_once \n [] []
[2014-08-25 14:09:09] name.ERROR: after require_once wechat.lib.class \n [] []
[2014-08-25 14:09:09] name.ERROR: get response  \n [] []
[2014-08-25 14:09:09] name.ERROR: The response is \n [] []
[2014-08-25 14:09:09] name.ERROR: from testing [] []
[2014-08-25 14:09:13] name.ERROR: bar [] []
[2014-08-25 14:09:13] name.ERROR: from mobile index <xml><ToUserName><![CDATA[gh_11050c463f2f]]></ToUserName>
<FromUserName><![CDATA[oUQ8YtxPtxy2bTnHD7pqMld4PjdI]]></FromUserName>
<CreateTime>1408946953</CreateTime>
<MsgType><![CDATA[event]]></MsgType>
<Event><![CDATA[VIEW]]></Event>
<EventKey><![CDATA[http://kaifanlou.com/wechat.php]]></EventKey>
</xml> [] []
[2014-08-25 14:09:13] name.ERROR: before require_once \n [] []
[2014-08-25 14:09:13] name.ERROR: after require_once wechat.lib.class \n [] []
[2014-08-25 14:09:13] name.ERROR: get response  \n [] []
[2014-08-25 14:09:13] name.ERROR: The response is \n [] []
[2014-08-25 14:09:13] name.ERROR: from testing [] []
[2014-08-25 06:09:18] name.ERROR: from plugin.php   [] []
[2014-08-25 14:09:18] name.ERROR: before include [] []
[2014-08-25 14:09:19] name.ERROR: from index.php  [] []
[2014-08-25 14:09:42] name.ERROR: bar [] []
[2014-08-25 14:09:42] name.ERROR: from mobile index <xml><ToUserName><![CDATA[gh_11050c463f2f]]></ToUserName>
<FromUserName><![CDATA[oUQ8YtxPtxy2bTnHD7pqMld4PjdI]]></FromUserName>
<CreateTime>1408946982</CreateTime>
<MsgType><![CDATA[event]]></MsgType>
<Event><![CDATA[LOCATION]]></Event>
<Latitude>23.114674</Latitude>
<Longitude>113.242371</Longitude>
<Precision>40.000000</Precision>
</xml> [] []
[2014-08-25 14:09:42] name.ERROR: before require_once \n [] []
[2014-08-25 14:09:42] name.ERROR: after require_once wechat.lib.class \n [] []
[2014-08-25 14:09:42] name.ERROR: get response  \n [] []
[2014-08-25 14:09:42] name.ERROR: The response is \n [] []
[2014-08-25 14:09:42] name.ERROR: from testing [] []
[2014-08-25 14:09:44] name.ERROR: bar [] []
[2014-08-25 14:09:44] name.ERROR: from mobile index <xml><ToUserName><![CDATA[gh_11050c463f2f]]></ToUserName>
<FromUserName><![CDATA[oUQ8YtxPtxy2bTnHD7pqMld4PjdI]]></FromUserName>
<CreateTime>1408946984</CreateTime>
<MsgType><![CDATA[event]]></MsgType>
<Event><![CDATA[VIEW]]></Event>
<EventKey><![CDATA[http://kaifanlou.com/wechat.php]]></EventKey>
</xml> [] []
[2014-08-25 14:09:44] name.ERROR: before require_once \n [] []
[2014-08-25 14:09:44] name.ERROR: after require_once wechat.lib.class \n [] []
[2014-08-25 14:09:44] name.ERROR: get response  \n [] []
[2014-08-25 14:09:44] name.ERROR: The response is \n [] []
[2014-08-25 14:09:44] name.ERROR: from testing [] []
[2014-08-25 06:09:46] name.ERROR: from plugin.php   [] []
[2014-08-25 14:09:46] name.ERROR: before include [] []
[2014-08-25 14:09:55] name.ERROR: bar [] []
[2014-08-25 14:09:55] name.ERROR: from mobile index <xml><ToUserName><![CDATA[gh_11050c463f2f]]></ToUserName>
<FromUserName><![CDATA[oUQ8YtxPtxy2bTnHD7pqMld4PjdI]]></FromUserName>
<CreateTime>1408946994</CreateTime>
<MsgType><![CDATA[event]]></MsgType>
<Event><![CDATA[LOCATION]]></Event>
<Latitude>23.114674</Latitude>
<Longitude>113.242371</Longitude>
<Precision>40.000000</Precision>
</xml> [] []
[2014-08-25 14:09:55] name.ERROR: before require_once \n [] []
[2014-08-25 14:09:55] name.ERROR: after require_once wechat.lib.class \n [] []
[2014-08-25 14:09:55] name.ERROR: get response  \n [] []
[2014-08-25 14:09:55] name.ERROR: The response is \n [] []
[2014-08-25 14:09:55] name.ERROR: from testing [] []
[2014-08-25 14:09:58] name.ERROR: bar [] []
[2014-08-25 14:09:58] name.ERROR: from mobile index <xml><ToUserName><![CDATA[gh_11050c463f2f]]></ToUserName>
<FromUserName><![CDATA[oUQ8YtxPtxy2bTnHD7pqMld4PjdI]]></FromUserName>
<CreateTime>1408946998</CreateTime>
<MsgType><![CDATA[event]]></MsgType>
<Event><![CDATA[VIEW]]></Event>
<EventKey><![CDATA[http://kaifanlou.com/wechat.php]]></EventKey>
</xml> [] []
[2014-08-25 14:09:58] name.ERROR: before require_once \n [] []
[2014-08-25 14:09:58] name.ERROR: after require_once wechat.lib.class \n [] []
[2014-08-25 14:09:58] name.ERROR: get response  \n [] []
[2014-08-25 14:09:58] name.ERROR: The response is \n [] []
[2014-08-25 14:09:58] name.ERROR: from testing [] []
[2014-08-25 14:09:59] name.ERROR: from index.php  [] []
[2014-08-25 14:10:13] name.ERROR: bar [] []
[2014-08-25 14:10:13] name.ERROR: from mobile index <xml><ToUserName><![CDATA[gh_11050c463f2f]]></ToUserName>
<FromUserName><![CDATA[oUQ8YtxPtxy2bTnHD7pqMld4PjdI]]></FromUserName>
<CreateTime>1408947013</CreateTime>
<MsgType><![CDATA[event]]></MsgType>
<Event><![CDATA[LOCATION]]></Event>
<Latitude>23.114674</Latitude>
<Longitude>113.242371</Longitude>
<Precision>40.000000</Precision>
</xml> [] []
[2014-08-25 14:10:13] name.ERROR: before require_once \n [] []
[2014-08-25 14:10:13] name.ERROR: after require_once wechat.lib.class \n [] []
[2014-08-25 14:10:13] name.ERROR: get response  \n [] []
[2014-08-25 14:10:13] name.ERROR: The response is \n [] []
[2014-08-25 14:10:13] name.ERROR: from testing [] []
[2014-08-25 14:10:14] name.ERROR: bar [] []
[2014-08-25 14:10:14] name.ERROR: from mobile index <xml><ToUserName><![CDATA[gh_11050c463f2f]]></ToUserName>
<FromUserName><![CDATA[oUQ8YtxPtxy2bTnHD7pqMld4PjdI]]></FromUserName>
<CreateTime>1408947014</CreateTime>
<MsgType><![CDATA[event]]></MsgType>
<Event><![CDATA[VIEW]]></Event>
<EventKey><![CDATA[http://kaifanlou.com/wechat.php]]></EventKey>
</xml> [] []
[2014-08-25 14:10:14] name.ERROR: before require_once \n [] []
[2014-08-25 14:10:14] name.ERROR: after require_once wechat.lib.class \n [] []
[2014-08-25 14:10:14] name.ERROR: get response  \n [] []
[2014-08-25 14:10:14] name.ERROR: The response is \n [] []
[2014-08-25 14:10:14] name.ERROR: from testing [] []
[2014-08-25 14:10:15] name.ERROR: from index.php  [] []
[2014-08-25 14:10:18] name.ERROR: bar [] []
[2014-08-25 14:10:18] name.ERROR: from mobile index <xml><ToUserName><![CDATA[gh_11050c463f2f]]></ToUserName>
<FromUserName><![CDATA[oUQ8YtxPtxy2bTnHD7pqMld4PjdI]]></FromUserName>
<CreateTime>1408947018</CreateTime>
<MsgType><![CDATA[event]]></MsgType>
<Event><![CDATA[LOCATION]]></Event>
<Latitude>23.114674</Latitude>
<Longitude>113.242371</Longitude>
<Precision>40.000000</Precision>
</xml> [] []
[2014-08-25 14:10:18] name.ERROR: before require_once \n [] []
[2014-08-25 14:10:18] name.ERROR: after require_once wechat.lib.class \n [] []
[2014-08-25 14:10:18] name.ERROR: get response  \n [] []
[2014-08-25 14:10:18] name.ERROR: The response is \n [] []
[2014-08-25 14:10:18] name.ERROR: from testing [] []
[2014-08-25 14:10:19] name.ERROR: bar [] []
[2014-08-25 14:10:19] name.ERROR: from mobile index <xml><ToUserName><![CDATA[gh_11050c463f2f]]></ToUserName>
<FromUserName><![CDATA[oUQ8YtxPtxy2bTnHD7pqMld4PjdI]]></FromUserName>
<CreateTime>1408947019</CreateTime>
<MsgType><![CDATA[event]]></MsgType>
<Event><![CDATA[VIEW]]></Event>
<EventKey><![CDATA[http://kaifanlou.com/wechat.php]]></EventKey>
</xml> [] []
[2014-08-25 14:10:19] name.ERROR: before require_once \n [] []
[2014-08-25 14:10:19] name.ERROR: after require_once wechat.lib.class \n [] []
[2014-08-25 14:10:19] name.ERROR: get response  \n [] []
[2014-08-25 14:10:19] name.ERROR: The response is \n [] []
[2014-08-25 14:10:19] name.ERROR: from testing [] []
[2014-08-25 14:10:19] name.ERROR: from index.php  [] []
[2014-08-25 14:10:49] name.ERROR: bar [] []
[2014-08-25 14:10:49] name.ERROR: from mobile index <xml><ToUserName><![CDATA[gh_11050c463f2f]]></ToUserName>
<FromUserName><![CDATA[oUQ8YtxPtxy2bTnHD7pqMld4PjdI]]></FromUserName>
<CreateTime>1408947049</CreateTime>
<MsgType><![CDATA[event]]></MsgType>
<Event><![CDATA[LOCATION]]></Event>
<Latitude>23.114674</Latitude>
<Longitude>113.242371</Longitude>
<Precision>40.000000</Precision>
</xml> [] []
[2014-08-25 14:10:49] name.ERROR: before require_once \n [] []
[2014-08-25 14:10:49] name.ERROR: after require_once wechat.lib.class \n [] []
[2014-08-25 14:10:49] name.ERROR: get response  \n [] []
[2014-08-25 14:10:49] name.ERROR: The response is \n [] []
[2014-08-25 14:10:49] name.ERROR: from testing [] []
[2014-08-25 14:10:52] name.ERROR: bar [] []
[2014-08-25 14:10:52] name.ERROR: from mobile index <xml><ToUserName><![CDATA[gh_11050c463f2f]]></ToUserName>
<FromUserName><![CDATA[oUQ8YtxPtxy2bTnHD7pqMld4PjdI]]></FromUserName>
<CreateTime>1408947052</CreateTime>
<MsgType><![CDATA[event]]></MsgType>
<Event><![CDATA[VIEW]]></Event>
<EventKey><![CDATA[http://kaifanlou.com/wechat.php]]></EventKey>
</xml> [] []
[2014-08-25 14:10:52] name.ERROR: before require_once \n [] []
[2014-08-25 14:10:52] name.ERROR: after require_once wechat.lib.class \n [] []
[2014-08-25 14:10:52] name.ERROR: get response  \n [] []
[2014-08-25 14:10:52] name.ERROR: The response is \n [] []
[2014-08-25 14:10:52] name.ERROR: from testing [] []
[2014-08-25 14:10:53] name.ERROR: from index.php  [] []
[2014-08-25 14:11:41] name.ERROR: bar [] []
[2014-08-25 14:11:41] name.ERROR: from mobile index <xml><ToUserName><![CDATA[gh_11050c463f2f]]></ToUserName>
<FromUserName><![CDATA[oUQ8YtxPtxy2bTnHD7pqMld4PjdI]]></FromUserName>
<CreateTime>1408947101</CreateTime>
<MsgType><![CDATA[event]]></MsgType>
<Event><![CDATA[LOCATION]]></Event>
<Latitude>23.114674</Latitude>
<Longitude>113.242371</Longitude>
<Precision>40.000000</Precision>
</xml> [] []
[2014-08-25 14:11:41] name.ERROR: before require_once \n [] []
[2014-08-25 14:11:41] name.ERROR: after require_once wechat.lib.class \n [] []
[2014-08-25 14:11:41] name.ERROR: get response  \n [] []
[2014-08-25 14:11:41] name.ERROR: The response is \n [] []
[2014-08-25 14:11:41] name.ERROR: from testing [] []
[2014-08-25 14:11:54] name.ERROR: bar [] []
[2014-08-25 14:11:54] name.ERROR: from mobile index <xml><ToUserName><![CDATA[gh_11050c463f2f]]></ToUserName>
<FromUserName><![CDATA[oUQ8YtxPtxy2bTnHD7pqMld4PjdI]]></FromUserName>
<CreateTime>1408947114</CreateTime>
<MsgType><![CDATA[event]]></MsgType>
<Event><![CDATA[LOCATION]]></Event>
<Latitude>23.114674</Latitude>
<Longitude>113.242371</Longitude>
<Precision>40.000000</Precision>
</xml> [] []
[2014-08-25 14:11:54] name.ERROR: before require_once \n [] []
[2014-08-25 14:11:54] name.ERROR: after require_once wechat.lib.class \n [] []
[2014-08-25 14:11:54] name.ERROR: get response  \n [] []
[2014-08-25 14:11:54] name.ERROR: The response is \n [] []
[2014-08-25 14:11:54] name.ERROR: from testing [] []
[2014-08-25 14:11:55] name.ERROR: bar [] []
[2014-08-25 14:11:55] name.ERROR: from mobile index <xml><ToUserName><![CDATA[gh_11050c463f2f]]></ToUserName>
<FromUserName><![CDATA[oUQ8YtxPtxy2bTnHD7pqMld4PjdI]]></FromUserName>
<CreateTime>1408947115</CreateTime>
<MsgType><![CDATA[event]]></MsgType>
<Event><![CDATA[VIEW]]></Event>
<EventKey><![CDATA[http://kaifanlou.com/wechat.php]]></EventKey>
</xml> [] []
[2014-08-25 14:11:55] name.ERROR: before require_once \n [] []
[2014-08-25 14:11:55] name.ERROR: after require_once wechat.lib.class \n [] []
[2014-08-25 14:11:55] name.ERROR: get response  \n [] []
[2014-08-25 14:11:55] name.ERROR: The response is \n [] []
[2014-08-25 14:11:55] name.ERROR: from testing [] []
[2014-08-25 14:11:58] name.ERROR: from index.php  [] []
[2014-08-25 14:12:09] name.ERROR: bar [] []
[2014-08-25 14:12:09] name.ERROR: from mobile index <xml><ToUserName><![CDATA[gh_11050c463f2f]]></ToUserName>
<FromUserName><![CDATA[oUQ8YtxPtxy2bTnHD7pqMld4PjdI]]></FromUserName>
<CreateTime>1408947129</CreateTime>
<MsgType><![CDATA[event]]></MsgType>
<Event><![CDATA[LOCATION]]></Event>
<Latitude>23.114674</Latitude>
<Longitude>113.242371</Longitude>
<Precision>40.000000</Precision>
</xml> [] []
[2014-08-25 14:12:09] name.ERROR: before require_once \n [] []
[2014-08-25 14:12:09] name.ERROR: after require_once wechat.lib.class \n [] []
[2014-08-25 14:12:09] name.ERROR: get response  \n [] []
[2014-08-25 14:12:09] name.ERROR: The response is \n [] []
[2014-08-25 14:12:09] name.ERROR: from testing [] []
[2014-08-25 14:14:09] name.ERROR: bar [] []
[2014-08-25 14:14:09] name.ERROR: from mobile index <xml><ToUserName><![CDATA[gh_11050c463f2f]]></ToUserName>
<FromUserName><![CDATA[oUQ8YtyGgNQoayLv_1liV_hHE0kA]]></FromUserName>
<CreateTime>1408947249</CreateTime>
<MsgType><![CDATA[event]]></MsgType>
<Event><![CDATA[LOCATION]]></Event>
<Latitude>25.078829</Latitude>
<Longitude>102.659019</Longitude>
<Precision>40.000000</Precision>
</xml> [] []
[2014-08-25 14:14:09] name.ERROR: before require_once \n [] []
[2014-08-25 14:14:09] name.ERROR: after require_once wechat.lib.class \n [] []
[2014-08-25 14:14:09] name.ERROR: get response  \n [] []
[2014-08-25 14:14:09] name.ERROR: The response is \n [] []
[2014-08-25 14:14:09] name.ERROR: from testing [] []
[2014-08-25 06:14:11] name.ERROR: from plugin.php   [] []
[2014-08-25 14:14:11] name.ERROR: before include [] []
[2014-08-25 14:14:12] name.ERROR: bar [] []
[2014-08-25 14:14:12] name.ERROR: from mobile index <xml><ToUserName><![CDATA[gh_11050c463f2f]]></ToUserName>
<FromUserName><![CDATA[oUQ8YtyGgNQoayLv_1liV_hHE0kA]]></FromUserName>
<CreateTime>1408947250</CreateTime>
<MsgType><![CDATA[event]]></MsgType>
<Event><![CDATA[VIEW]]></Event>
<EventKey><![CDATA[http://kaifanlou.com/wechat.php]]></EventKey>
</xml> [] []
[2014-08-25 14:14:12] name.ERROR: before require_once \n [] []
[2014-08-25 14:14:12] name.ERROR: after require_once wechat.lib.class \n [] []
[2014-08-25 14:14:12] name.ERROR: get response  \n [] []
[2014-08-25 14:14:12] name.ERROR: The response is \n [] []
[2014-08-25 14:14:12] name.ERROR: from testing [] []
[2014-08-25 14:14:13] name.ERROR: oriPwdY36G5vY6K3end [] []
[2014-08-25 14:14:13] name.ERROR: password87c7a29f4501e15758381f2ef5396124end [] []
[2014-08-25 14:14:13] name.ERROR: username陈影end [] []
[2014-08-25 14:14:13] name.ERROR: from index.php  [] []
[2014-08-25 14:14:18] name.ERROR: bar [] []
[2014-08-25 14:14:18] name.ERROR: from mobile index <xml><ToUserName><![CDATA[gh_11050c463f2f]]></ToUserName>
<FromUserName><![CDATA[oUQ8YtyGgNQoayLv_1liV_hHE0kA]]></FromUserName>
<CreateTime>1408947257</CreateTime>
<MsgType><![CDATA[event]]></MsgType>
<Event><![CDATA[LOCATION]]></Event>
<Latitude>25.078829</Latitude>
<Longitude>102.659019</Longitude>
<Precision>40.000000</Precision>
</xml> [] []
[2014-08-25 14:14:18] name.ERROR: before require_once \n [] []
[2014-08-25 14:14:18] name.ERROR: after require_once wechat.lib.class \n [] []
[2014-08-25 14:14:18] name.ERROR: get response  \n [] []
[2014-08-25 14:14:18] name.ERROR: The response is \n [] []
[2014-08-25 14:14:18] name.ERROR: from testing [] []
[2014-08-25 14:14:18] name.ERROR: bar [] []
[2014-08-25 14:14:18] name.ERROR: from mobile index <xml><ToUserName><![CDATA[gh_11050c463f2f]]></ToUserName>
<FromUserName><![CDATA[oUQ8YtyGgNQoayLv_1liV_hHE0kA]]></FromUserName>
<CreateTime>1408947258</CreateTime>
<MsgType><![CDATA[event]]></MsgType>
<Event><![CDATA[VIEW]]></Event>
<EventKey><![CDATA[http://kaifanlou.com/wechat.php]]></EventKey>
</xml> [] []
[2014-08-25 14:14:18] name.ERROR: before require_once \n [] []
[2014-08-25 14:14:18] name.ERROR: after require_once wechat.lib.class \n [] []
[2014-08-25 14:14:18] name.ERROR: get response  \n [] []
[2014-08-25 14:14:18] name.ERROR: The response is \n [] []
[2014-08-25 14:14:18] name.ERROR: from testing [] []
[2014-08-25 14:14:19] name.ERROR: from index.php  [] []
[2014-08-25 14:14:45] name.ERROR: bar [] []
[2014-08-25 14:14:45] name.ERROR: from mobile index <xml><ToUserName><![CDATA[gh_11050c463f2f]]></ToUserName>
<FromUserName><![CDATA[oUQ8YtyGgNQoayLv_1liV_hHE0kA]]></FromUserName>
<CreateTime>1408947285</CreateTime>
<MsgType><![CDATA[event]]></MsgType>
<Event><![CDATA[LOCATION]]></Event>
<Latitude>25.078829</Latitude>
<Longitude>102.659019</Longitude>
<Precision>40.000000</Precision>
</xml> [] []
[2014-08-25 14:14:45] name.ERROR: before require_once \n [] []
[2014-08-25 14:14:45] name.ERROR: after require_once wechat.lib.class \n [] []
[2014-08-25 14:14:45] name.ERROR: get response  \n [] []
[2014-08-25 14:14:45] name.ERROR: The response is \n [] []
[2014-08-25 14:14:45] name.ERROR: from testing [] []
[2014-08-25 14:14:59] name.ERROR: bar [] []
[2014-08-25 14:14:59] name.ERROR: from mobile index <xml><ToUserName><![CDATA[gh_11050c463f2f]]></ToUserName>
<FromUserName><![CDATA[oUQ8YtyGgNQoayLv_1liV_hHE0kA]]></FromUserName>
<CreateTime>1408947298</CreateTime>
<MsgType><![CDATA[event]]></MsgType>
<Event><![CDATA[LOCATION]]></Event>
<Latitude>25.078829</Latitude>
<Longitude>102.659019</Longitude>
<Precision>40.000000</Precision>
</xml> [] []
[2014-08-25 14:14:59] name.ERROR: before require_once \n [] []
[2014-08-25 14:14:59] name.ERROR: after require_once wechat.lib.class \n [] []
[2014-08-25 14:14:59] name.ERROR: get response  \n [] []
[2014-08-25 14:14:59] name.ERROR: The response is \n [] []
[2014-08-25 14:14:59] name.ERROR: from testing [] []
[2014-08-25 14:14:59] name.ERROR: bar [] []
[2014-08-25 14:14:59] name.ERROR: from mobile index <xml><ToUserName><![CDATA[gh_11050c463f2f]]></ToUserName>
<FromUserName><![CDATA[oUQ8YtyGgNQoayLv_1liV_hHE0kA]]></FromUserName>
<CreateTime>1408947299</CreateTime>
<MsgType><![CDATA[event]]></MsgType>
<Event><![CDATA[VIEW]]></Event>
<EventKey><![CDATA[http://kaifanlou.com/wechat.php]]></EventKey>
</xml> [] []
[2014-08-25 14:14:59] name.ERROR: before require_once \n [] []
[2014-08-25 14:14:59] name.ERROR: after require_once wechat.lib.class \n [] []
[2014-08-25 14:14:59] name.ERROR: get response  \n [] []
[2014-08-25 14:14:59] name.ERROR: The response is \n [] []
[2014-08-25 14:14:59] name.ERROR: from testing [] []
[2014-08-25 14:15:00] name.ERROR: from index.php  [] []
[2014-08-25 14:15:12] name.ERROR: bar [] []
[2014-08-25 14:15:12] name.ERROR: from mobile index <xml><ToUserName><![CDATA[gh_11050c463f2f]]></ToUserName>
<FromUserName><![CDATA[oUQ8YtyGgNQoayLv_1liV_hHE0kA]]></FromUserName>
<CreateTime>1408947311</CreateTime>
<MsgType><![CDATA[event]]></MsgType>
<Event><![CDATA[LOCATION]]></Event>
<Latitude>25.078829</Latitude>
<Longitude>102.659019</Longitude>
<Precision>40.000000</Precision>
</xml> [] []
[2014-08-25 14:15:12] name.ERROR: before require_once \n [] []
[2014-08-25 14:15:12] name.ERROR: after require_once wechat.lib.class \n [] []
[2014-08-25 14:15:12] name.ERROR: get response  \n [] []
[2014-08-25 14:15:12] name.ERROR: The response is \n [] []
[2014-08-25 14:15:12] name.ERROR: from testing [] []
[2014-08-25 14:15:13] name.ERROR: bar [] []
[2014-08-25 14:15:13] name.ERROR: from mobile index <xml><ToUserName><![CDATA[gh_11050c463f2f]]></ToUserName>
<FromUserName><![CDATA[oUQ8YtyGgNQoayLv_1liV_hHE0kA]]></FromUserName>
<CreateTime>1408947312</CreateTime>
<MsgType><![CDATA[event]]></MsgType>
<Event><![CDATA[VIEW]]></Event>
<EventKey><![CDATA[http://kaifanlou.com/wechat.php]]></EventKey>
</xml> [] []
[2014-08-25 14:15:13] name.ERROR: before require_once \n [] []
[2014-08-25 14:15:13] name.ERROR: after require_once wechat.lib.class \n [] []
[2014-08-25 14:15:13] name.ERROR: get response  \n [] []
[2014-08-25 14:15:13] name.ERROR: The response is \n [] []
[2014-08-25 14:15:13] name.ERROR: from testing [] []
[2014-08-25 14:15:13] name.ERROR: from index.php  [] []
[2014-08-25 14:15:26] name.ERROR: bar [] []
[2014-08-25 14:15:26] name.ERROR: from mobile index <xml><ToUserName><![CDATA[gh_11050c463f2f]]></ToUserName>
<FromUserName><![CDATA[oUQ8YtyGgNQoayLv_1liV_hHE0kA]]></FromUserName>
<CreateTime>1408947325</CreateTime>
<MsgType><![CDATA[event]]></MsgType>
<Event><![CDATA[LOCATION]]></Event>
<Latitude>25.078829</Latitude>
<Longitude>102.659019</Longitude>
<Precision>40.000000</Precision>
</xml> [] []
[2014-08-25 14:15:26] name.ERROR: before require_once \n [] []
[2014-08-25 14:15:26] name.ERROR: after require_once wechat.lib.class \n [] []
[2014-08-25 14:15:26] name.ERROR: get response  \n [] []
[2014-08-25 14:15:26] name.ERROR: The response is \n [] []
[2014-08-25 14:15:26] name.ERROR: from testing [] []
[2014-08-25 14:15:26] name.ERROR: bar [] []
[2014-08-25 14:15:26] name.ERROR: from mobile index <xml><ToUserName><![CDATA[gh_11050c463f2f]]></ToUserName>
<FromUserName><![CDATA[oUQ8YtyGgNQoayLv_1liV_hHE0kA]]></FromUserName>
<CreateTime>1408947326</CreateTime>
<MsgType><![CDATA[event]]></MsgType>
<Event><![CDATA[VIEW]]></Event>
<EventKey><![CDATA[http://kaifanlou.com/wechat.php]]></EventKey>
</xml> [] []
[2014-08-25 14:15:26] name.ERROR: before require_once \n [] []
[2014-08-25 14:15:26] name.ERROR: after require_once wechat.lib.class \n [] []
[2014-08-25 14:15:26] name.ERROR: get response  \n [] []
[2014-08-25 14:15:26] name.ERROR: The response is \n [] []
[2014-08-25 14:15:26] name.ERROR: from testing [] []
[2014-08-25 14:15:27] name.ERROR: from index.php  [] []
[2014-08-25 14:15:37] name.ERROR: bar [] []
[2014-08-25 14:15:37] name.ERROR: from mobile index <xml><ToUserName><![CDATA[gh_11050c463f2f]]></ToUserName>
<FromUserName><![CDATA[oUQ8YtyGgNQoayLv_1liV_hHE0kA]]></FromUserName>
<CreateTime>1408947337</CreateTime>
<MsgType><![CDATA[event]]></MsgType>
<Event><![CDATA[LOCATION]]></Event>
<Latitude>25.078829</Latitude>
<Longitude>102.659019</Longitude>
<Precision>40.000000</Precision>
</xml> [] []
[2014-08-25 14:15:37] name.ERROR: before require_once \n [] []
[2014-08-25 14:15:37] name.ERROR: after require_once wechat.lib.class \n [] []
[2014-08-25 14:15:37] name.ERROR: get response  \n [] []
[2014-08-25 14:15:37] name.ERROR: The response is \n [] []
[2014-08-25 14:15:37] name.ERROR: from testing [] []
[2014-08-25 14:15:39] name.ERROR: bar [] []
[2014-08-25 14:15:39] name.ERROR: from mobile index <xml><ToUserName><![CDATA[gh_11050c463f2f]]></ToUserName>
<FromUserName><![CDATA[oUQ8YtyGgNQoayLv_1liV_hHE0kA]]></FromUserName>
<CreateTime>1408947338</CreateTime>
<MsgType><![CDATA[event]]></MsgType>
<Event><![CDATA[VIEW]]></Event>
<EventKey><![CDATA[http://kaifanlou.com/wechat.php]]></EventKey>
</xml> [] []
[2014-08-25 14:15:39] name.ERROR: before require_once \n [] []
[2014-08-25 14:15:39] name.ERROR: after require_once wechat.lib.class \n [] []
[2014-08-25 14:15:39] name.ERROR: get response  \n [] []
[2014-08-25 14:15:39] name.ERROR: The response is \n [] []
[2014-08-25 14:15:39] name.ERROR: from testing [] []
[2014-08-25 14:15:39] name.ERROR: from index.php  [] []
[2014-08-25 14:15:58] name.ERROR: bar [] []
[2014-08-25 14:15:58] name.ERROR: from mobile index <xml><ToUserName><![CDATA[gh_11050c463f2f]]></ToUserName>
<FromUserName><![CDATA[oUQ8YtyGgNQoayLv_1liV_hHE0kA]]></FromUserName>
<CreateTime>1408947357</CreateTime>
<MsgType><![CDATA[event]]></MsgType>
<Event><![CDATA[LOCATION]]></Event>
<Latitude>25.078829</Latitude>
<Longitude>102.659019</Longitude>
<Precision>40.000000</Precision>
</xml> [] []
[2014-08-25 14:15:58] name.ERROR: before require_once \n [] []
[2014-08-25 14:15:58] name.ERROR: after require_once wechat.lib.class \n [] []
[2014-08-25 14:15:58] name.ERROR: get response  \n [] []
[2014-08-25 14:15:58] name.ERROR: The response is \n [] []
[2014-08-25 14:15:58] name.ERROR: from testing [] []
[2014-08-25 14:19:09] name.ERROR: bar [] []
[2014-08-25 14:19:09] name.ERROR: from mobile index <xml><ToUserName><![CDATA[gh_11050c463f2f]]></ToUserName>
<FromUserName><![CDATA[oUQ8YtyGgNQoayLv_1liV_hHE0kA]]></FromUserName>
<CreateTime>1408947549</CreateTime>
<MsgType><![CDATA[event]]></MsgType>
<Event><![CDATA[LOCATION]]></Event>
<Latitude>25.078804</Latitude>
<Longitude>102.659058</Longitude>
<Precision>40.000000</Precision>
</xml> [] []
[2014-08-25 14:19:09] name.ERROR: before require_once \n [] []
[2014-08-25 14:19:09] name.ERROR: after require_once wechat.lib.class \n [] []
[2014-08-25 14:19:09] name.ERROR: get response  \n [] []
[2014-08-25 14:19:09] name.ERROR: The response is \n [] []
[2014-08-25 14:19:09] name.ERROR: from testing [] []
[2014-08-25 14:19:09] name.ERROR: bar [] []
[2014-08-25 14:19:09] name.ERROR: from mobile index <xml><ToUserName><![CDATA[gh_11050c463f2f]]></ToUserName>
<FromUserName><![CDATA[oUQ8YtyGgNQoayLv_1liV_hHE0kA]]></FromUserName>
<CreateTime>1408947549</CreateTime>
<MsgType><![CDATA[event]]></MsgType>
<Event><![CDATA[VIEW]]></Event>
<EventKey><![CDATA[http://kaifanlou.com/wechat.php]]></EventKey>
</xml> [] []
[2014-08-25 14:19:09] name.ERROR: before require_once \n [] []
[2014-08-25 14:19:09] name.ERROR: after require_once wechat.lib.class \n [] []
[2014-08-25 14:19:09] name.ERROR: get response  \n [] []
[2014-08-25 14:19:09] name.ERROR: The response is \n [] []
[2014-08-25 14:19:09] name.ERROR: from testing [] []
[2014-08-25 14:19:11] name.ERROR: from index.php  [] []
[2014-08-25 14:19:21] name.ERROR: bar [] []
[2014-08-25 14:19:21] name.ERROR: from mobile index <xml><ToUserName><![CDATA[gh_11050c463f2f]]></ToUserName>
<FromUserName><![CDATA[oUQ8YtyGgNQoayLv_1liV_hHE0kA]]></FromUserName>
<CreateTime>1408947560</CreateTime>
<MsgType><![CDATA[event]]></MsgType>
<Event><![CDATA[LOCATION]]></Event>
<Latitude>25.078804</Latitude>
<Longitude>102.659058</Longitude>
<Precision>40.000000</Precision>
</xml> [] []
[2014-08-25 14:19:21] name.ERROR: before require_once \n [] []
[2014-08-25 14:19:21] name.ERROR: after require_once wechat.lib.class \n [] []
[2014-08-25 14:19:21] name.ERROR: get response  \n [] []
[2014-08-25 14:19:21] name.ERROR: The response is \n [] []
[2014-08-25 14:19:21] name.ERROR: from testing [] []
[2014-08-25 14:41:06] name.ERROR: bar [] []
[2014-08-25 14:41:06] name.ERROR: from mobile index <xml><ToUserName><![CDATA[gh_11050c463f2f]]></ToUserName>
<FromUserName><![CDATA[oUQ8Yt-pR6YaPvdUoy359gLOjip0]]></FromUserName>
<CreateTime>1408948866</CreateTime>
<MsgType><![CDATA[event]]></MsgType>
<Event><![CDATA[VIEW]]></Event>
<EventKey><![CDATA[http://kaifanlou.com/wechat.php]]></EventKey>
</xml> [] []
[2014-08-25 14:41:06] name.ERROR: before require_once \n [] []
[2014-08-25 14:41:06] name.ERROR: after require_once wechat.lib.class \n [] []
[2014-08-25 14:41:06] name.ERROR: get response  \n [] []
[2014-08-25 14:41:06] name.ERROR: The response is \n [] []
[2014-08-25 14:41:06] name.ERROR: from testing [] []
[2014-08-25 14:41:09] name.ERROR: from index.php  [] []
[2014-08-25 15:03:17] name.ERROR: bar [] []
[2014-08-25 15:03:17] name.ERROR: from mobile index <xml><ToUserName><![CDATA[gh_11050c463f2f]]></ToUserName>
<FromUserName><![CDATA[oUQ8Yt-pR6YaPvdUoy359gLOjip0]]></FromUserName>
<CreateTime>1408950197</CreateTime>
<MsgType><![CDATA[event]]></MsgType>
<Event><![CDATA[LOCATION]]></Event>
<Latitude>23.114695</Latitude>
<Longitude>113.242363</Longitude>
<Precision>65.000000</Precision>
</xml> [] []
[2014-08-25 15:03:17] name.ERROR: before require_once \n [] []
[2014-08-25 15:03:17] name.ERROR: after require_once wechat.lib.class \n [] []
[2014-08-25 15:03:17] name.ERROR: get response  \n [] []
[2014-08-25 15:03:17] name.ERROR: The response is \n [] []
[2014-08-25 15:03:17] name.ERROR: from testing [] []
[2014-08-25 15:03:18] name.ERROR: bar [] []
[2014-08-25 15:03:18] name.ERROR: from mobile index <xml><ToUserName><![CDATA[gh_11050c463f2f]]></ToUserName>
<FromUserName><![CDATA[oUQ8Yt-pR6YaPvdUoy359gLOjip0]]></FromUserName>
<CreateTime>1408950198</CreateTime>
<MsgType><![CDATA[event]]></MsgType>
<Event><![CDATA[VIEW]]></Event>
<EventKey><![CDATA[http://kaifanlou.com/wechat.php]]></EventKey>
</xml> [] []
[2014-08-25 15:03:18] name.ERROR: before require_once \n [] []
[2014-08-25 15:03:18] name.ERROR: after require_once wechat.lib.class \n [] []
[2014-08-25 15:03:18] name.ERROR: get response  \n [] []
[2014-08-25 15:03:18] name.ERROR: The response is \n [] []
[2014-08-25 15:03:18] name.ERROR: from testing [] []
[2014-08-25 15:03:19] name.ERROR: from index.php  [] []
